main.c:94:6:delay_us	16	static
main.c:98:6:HAL_TIM_IC_CaptureCallback	24	static
main.c:172:6:HCSR04_trigger	8	static
main.c:180:6:move_stepper	24	static
main.c:195:6:move_stepper_dec_mm	16	static
main.c:213:5:main	16	static
main.c:300:6:SystemClock_Config	88	static
main.c:341:6:HAL_UART_RxCpltCallback	24	static
main.c:389:6:HAL_TIM_PeriodElapsedCallback	16	static
main.c:397:6:HAL_GPIO_EXTI_Callback	16	static
main.c:422:6:Error_Handler	4	static,ignoring_inline_asm
main.c:441:6:assert_failed	16	static
